// Jest Snapshot v1, https://goo.gl/fbAQLP

exports[`renders a snapshot of GitHubCard 1`] = `
<div
  className="card"
>
  <h1>
    INS140
  </h1>
  <img
    alt="github pprofile photo"
    src="./githubProfilePhoto.png"
  />
  <p>
    Lorem ipsum dolor sit amet, consectetur adipiscing elit, sed do eiusmod tempor incididunt ut labore et dolore magna aliqua.
  </p>
</div>
`;
